  正在确定要还原的项目…
  所有项目均是最新的，无法还原。
d:\CodeBuddy\WordTools2\Services\DocumentService.cs(338,17): warning CS8602: 解引用可能出现空引用。 [d:\CodeBuddy\WordTools2\WordTools2.csproj]
d:\CodeBuddy\WordTools2\Services\DocumentService.cs(363,21): warning CS8602: 解引用可能出现空引用。 [d:\CodeBuddy\WordTools2\WordTools2.csproj]
d:\CodeBuddy\WordTools2\Services\DocumentService.cs(419,17): warning CS8602: 解引用可能出现空引用。 [d:\CodeBuddy\WordTools2\WordTools2.csproj]
d:\CodeBuddy\WordTools2\Services\DocumentService.cs(473,32): error CS1061: “CT_R”未包含“GetDrawing”的定义，并且找不到可接受第一个“CT_R”类型参数的可访问扩展方法“GetDrawing”(是否缺少 using 指令或程序集引用?) [d:\CodeBuddy\WordTools2\WordTools2.csproj]
d:\CodeBuddy\WordTools2\Services\DocumentService.cs(478,32): error CS1061: “CT_R”未包含“GetObject”的定义，并且找不到可接受第一个“CT_R”类型参数的可访问扩展方法“GetObject”(是否缺少 using 指令或程序集引用?) [d:\CodeBuddy\WordTools2\WordTools2.csproj]
d:\CodeBuddy\WordTools2\Services\DocumentService.cs(486,21): warning CS8602: 解引用可能出现空引用。 [d:\CodeBuddy\WordTools2\WordTools2.csproj]
d:\CodeBuddy\WordTools2\Services\DocumentService.cs(616,68): warning CS0472: 由于“ulong”类型的值永不等于“ulong?”类型的 "null"，该表达式的结果始终为“true” [d:\CodeBuddy\WordTools2\WordTools2.csproj]
d:\CodeBuddy\WordTools2\Services\DocumentService.cs(846,17): warning CS8602: 解引用可能出现空引用。 [d:\CodeBuddy\WordTools2\WordTools2.csproj]

生成失败。

d:\CodeBuddy\WordTools2\Services\DocumentService.cs(338,17): warning CS8602: 解引用可能出现空引用。 [d:\CodeBuddy\WordTools2\WordTools2.csproj]
d:\CodeBuddy\WordTools2\Services\DocumentService.cs(363,21): warning CS8602: 解引用可能出现空引用。 [d:\CodeBuddy\WordTools2\WordTools2.csproj]
d:\CodeBuddy\WordTools2\Services\DocumentService.cs(419,17): warning CS8602: 解引用可能出现空引用。 [d:\CodeBuddy\WordTools2\WordTools2.csproj]
d:\CodeBuddy\WordTools2\Services\DocumentService.cs(486,21): warning CS8602: 解引用可能出现空引用。 [d:\CodeBuddy\WordTools2\WordTools2.csproj]
d:\CodeBuddy\WordTools2\Services\DocumentService.cs(616,68): warning CS0472: 由于“ulong”类型的值永不等于“ulong?”类型的 "null"，该表达式的结果始终为“true” [d:\CodeBuddy\WordTools2\WordTools2.csproj]
d:\CodeBuddy\WordTools2\Services\DocumentService.cs(846,17): warning CS8602: 解引用可能出现空引用。 [d:\CodeBuddy\WordTools2\WordTools2.csproj]
d:\CodeBuddy\WordTools2\Services\DocumentService.cs(473,32): error CS1061: “CT_R”未包含“GetDrawing”的定义，并且找不到可接受第一个“CT_R”类型参数的可访问扩展方法“GetDrawing”(是否缺少 using 指令或程序集引用?) [d:\CodeBuddy\WordTools2\WordTools2.csproj]
d:\CodeBuddy\WordTools2\Services\DocumentService.cs(478,32): error CS1061: “CT_R”未包含“GetObject”的定义，并且找不到可接受第一个“CT_R”类型参数的可访问扩展方法“GetObject”(是否缺少 using 指令或程序集引用?) [d:\CodeBuddy\WordTools2\WordTools2.csproj]
    6 个警告
    2 个错误

已用时间 00:00:00.82
